// Jest Snapshot v1, https://goo.gl/fbAQLP

exports[`ColumnContextMenu should match snapshot 1`] = `
<ColumnContextMenu
  columnKey="columnKey"
  columnType="text"
  onClickAction={[MockFunction]}
  renameColumn={[MockFunction]}
>
  <UncontrolledDropdown>
    <Dropdown
      isOpen={false}
      toggle={[Function]}
    >
      <Manager
        tag={false}
      >
        <div
          className="dropdown"
        >
          <DropdownToggle
            className="context-button"
          >
            <Target>
              <button
                aria-expanded={false}
                className="btn btn-secondary context-button"
                disabled={false}
                onClick={[Function]}
              >
                <i
                  className="icon-caret-down"
                />
              </button>
            </Target>
          </DropdownToggle>
          <DropdownMenu />
        </div>
      </Manager>
    </Dropdown>
  </UncontrolledDropdown>
</ColumnContextMenu>
`;
