// Jest Snapshot v1, https://goo.gl/fbAQLP

exports[`OAuthConnect matches snapshot 1`] = `
<OAuthConnect
  deleteSecret={[MockFunction]}
  paramIdName="x"
  secretName="a secret"
  startCreateSecret={[MockFunction]}
>
  <div
    className="oauth-connect-parameter"
  >
    <p
      className="secret-name"
    >
      a secret
    </p>
    <button
      className="disconnect"
      onClick={[Function]}
      type="button"
    >
      Sign out
    </button>
  </div>
</OAuthConnect>
`;
