// Jest Snapshot v1, https://goo.gl/fbAQLP

exports[`AceEditor matches snapshot 1`] = `
<div
  className="code-editor"
>
  <div
    className="label-margin t-d-gray content-3"
  >
    code
  </div>
  <div
    className="ace-aspect-ratio-container"
  >
    <div
      className="ace-wrapper"
    >
      <ReactAce
        annotations={Array []}
        cursorStart={1}
        editorProps={
          Object {
            "$blockScrolling": Infinity,
          }
        }
        enableBasicAutocompletion={false}
        enableLiveAutocompletion={false}
        focus={false}
        fontSize={12}
        height="100%"
        highlightActiveLine={true}
        maxLines={null}
        minLines={null}
        mode="python"
        name="code-editor"
        onBlur={[Function]}
        onChange={[Function]}
        onLoad={null}
        onPaste={null}
        onScroll={null}
        readOnly={false}
        scrollMargin={
          Array [
            0,
            0,
            0,
            0,
          ]
        }
        setOptions={Object {}}
        showGutter={false}
        showPrintMargin={true}
        style={Object {}}
        tabSize={4}
        theme="tomorrow"
        value="def process(table)
    return table"
        width="100%"
        wrapEnabled={true}
      />
    </div>
  </div>
</div>
`;
