// Jest Snapshot v1, https://goo.gl/fbAQLP

exports[`CellEditor Renders correctly 1`] = `
<CellEditor
  edits="[
    { \\"row\\": 3, \\"col\\": \\"foo\\", \\"value\\":\\"bar\\" },
    { \\"row\\": 6, \\"col\\": \\"food\\", \\"value\\":\\"sandwich\\" },
    { \\"row\\": 5, \\"col\\": \\"foo\\", \\"value\\":\\"gak\\" },
    { \\"row\\": 17,  \\"col\\": \\"food\\", \\"value\\":\\"pizza\\" }
 ]"
  onSave={[Function]}
>
  <div>
    <div
      className="cell-edits--column content-3 label-margin"
    >
      foo
      <div
        className="cell-edits--rows t-d-gray content-3 "
      >
        <div
          className="cell-edits--row"
        >
          <div
            className="number-field"
          >
            4
          </div>
          <div
            className="text-field"
          >
            bar
          </div>
        </div>
        <div
          className="cell-edits--row"
        >
          <div
            className="number-field"
          >
            6
          </div>
          <div
            className="text-field"
          >
            gak
          </div>
        </div>
      </div>
    </div>
    <div
      className="cell-edits--column content-3 label-margin"
    >
      food
      <div
        className="cell-edits--rows t-d-gray content-3 "
      >
        <div
          className="cell-edits--row"
        >
          <div
            className="number-field"
          >
            7
          </div>
          <div
            className="text-field"
          >
            sandwich
          </div>
        </div>
        <div
          className="cell-edits--row"
        >
          <div
            className="number-field"
          >
            18
          </div>
          <div
            className="text-field"
          >
            pizza
          </div>
        </div>
      </div>
    </div>
  </div>
</CellEditor>
`;

exports[`CellEditor Renders empty data 1`] = `
<CellEditor
  edits=""
  onSave={[Function]}
>
  <div />
</CellEditor>
`;
