// Jest Snapshot v1, https://goo.gl/fbAQLP

exports[`renders correctly 1`] = `
<select
  className="custom-select module-parameter dropdown-selector"
  name="SuperMenu"
  onChange={[Function]}
  value={1}
>
  <option
    className="dropdown-menu-item t-d-gray content-3"
    key="0"
    value={0}
  >
    Apple
  </option>
  <option
    className="dropdown-menu-item t-d-gray content-3"
    key="1"
    value={1}
  >
    Kittens
  </option>
  <option
    className="dropdown-menu-item t-d-gray content-3"
    key="2"
    value={2}
  >
    Banana
  </option>
</select>
`;
