// Jest Snapshot v1, https://goo.gl/fbAQLP

exports[`RadioButtons renders correctly 1`] = `[Function]`;
