// Jest Snapshot v1, https://goo.gl/fbAQLP

exports[`Embed Available workflow Renders the embed widget with the correct information 1`] = `
<div
  className="embed-wrapper"
>
  <iframe
    frameBorder={0}
    src="/api/wfmodules/1/output"
  />
  <div
    className="embed-footer"
  >
    <div
      className="metadata-stack"
    >
      <div
        className="embed-footer-logo"
      >
        <a
          href="http://workbenchdata.com"
          rel="noopener noreferrer"
          target="_blank"
        >
          <img
            src="undefinedimages/logo.png"
            width="35"
          />
        </a>
      </div>
      <div
        className="embed-footer-meta"
      >
        <div
          className="title"
        >
          <a
            href="/workflows/1"
            rel="noopener noreferrer"
            target="_blank"
          >
            Workflow Title
          </a>
        </div>
        <div
          className="metadata"
        >
          <ul>
            <li>
              <a
                href="/workflows/1"
                rel="noopener noreferrer"
                target="_blank"
              >
                by 
                Workflow Owner Name
              </a>
            </li>
            <li>
              <a
                href="/workflows/1"
                rel="noopener noreferrer"
                target="_blank"
              >
                Updated {timeAgo}
              </a>
            </li>
          </ul>
        </div>
      </div>
    </div>
    <button
      className="embed-footer-button"
      onClick={[Function]}
      type="button"
    >
      <i
        className="icon icon-code"
      />
    </button>
  </div>
  <div
    className="embed-overlay"
    onClick={[Function]}
  >
    <div
      className="embed-share-links"
      onClick={[Function]}
    >
      <h1>
        <WithI18n
          defaults="EMBED THIS CHART"
          description="This should be all-caps for styling reasons"
          id="js.Embed.embedThisChart"
        />
      </h1>
      <h2>
        <WithI18n
          defaults="Paste this code into any webpage HTML"
          id="js.Embed.embedCode"
        />
      </h2>
      <div
        className="code-snippet"
      >
        <code
          className="embed--share-code"
        >
          &lt;iframe src="http://localhost/embed/1" width="560" height="315" frameborder="0" /&gt;
        </code>
      </div>
    </div>
  </div>
</div>
`;

exports[`Embed Unavailable workflow Renders the embed widget with the correct information 1`] = `
<div
  className="embed-wrapper"
>
  <div
    className="embed-not-available"
  >
    <h1>
      <WithI18n
        defaults="This workflow is not available"
        id="js.Embed.workflowNotAvailable.title"
      />
    </h1>
  </div>
  <div
    className="embed-footer"
  >
    <div
      className="embed-footer-logo"
    >
      <img
        src="undefinedimages/logo.png"
        width="21"
      />
    </div>
    <div
      className="embed-footer-meta"
    >
      <h1>
        <WithI18n
          defaults="WORKBENCH"
          description="This should be all-caps for styling reasons"
          id="js.Embed.workflowNotAvailable.footer.logo"
        />
      </h1>
    </div>
    <div
      className="embed-footer-button"
    >
      <i
        className="icon icon-share"
      />
    </div>
  </div>
</div>
`;
