// Jest Snapshot v1, https://goo.gl/fbAQLP

exports[`Module NOT Read-only Renders snapshot 1`] = `
<div
  className="card ml-module-card "
  data-module-name="Sweet Module"
  onClick={[Function]}
>
  <div
    className="ML-module d-flex"
  >
    <div
      className="d-flex flex-row align-items-center"
    >
      <div
        className="ml-icon-container"
      >
        <div
          className="icon-add ml-icon"
        />
      </div>
      <div>
        <div
          className="content-5 ml-module-name"
        >
          Sweet Module
        </div>
      </div>
    </div>
    <div
      className="ml-handle"
    >
      <div
        className="icon-grip"
      />
    </div>
  </div>
</div>
`;
