// Jest Snapshot v1, https://goo.gl/fbAQLP

exports[`WfHamburgerMenu renders logged in, non-read only 1`] = `
<WfHamburgerMenu
  api={Object {}}
  i18n={
    Object {
      "_": [Function],
      "_activeLanguageData": Object {
        "plurals": [Function],
      },
      "_activeMessages": Object {},
      "_catalogs": Object {
        "en": Object {
          "languageData": Object {},
          "messages": Object {},
        },
      },
      "_dev": Object {
        "compile": [Function],
        "loadLanguageData": [Function],
      },
      "_language": "en",
      "_locales": undefined,
      "_missing": undefined,
      "plural": [Function],
      "select": [Function],
      "selectOrdinal": [Function],
      "t": [Function],
    }
  }
  isReadOnly={false}
  user={
    Object {
      "id": 100,
    }
  }
  workflowId={1}
>
  <WithI18n>
    <I18n
      update={true}
      withHash={true}
    >
      <Memo(LocaleSwitcher)
        i18n={
          Object {
            "_": [Function],
            "_activeLanguageData": Object {
              "plurals": [Function],
            },
            "_activeMessages": Object {},
            "_catalogs": Object {
              "en": Object {
                "languageData": Object {},
                "messages": Object {},
              },
            },
            "_dev": Object {
              "compile": [Function],
              "loadLanguageData": [Function],
            },
            "_language": "en",
            "_locales": undefined,
            "_missing": undefined,
            "plural": [Function],
            "select": [Function],
            "selectOrdinal": [Function],
            "t": [Function],
          }
        }
      />
    </I18n>
  </WithI18n>
  <UncontrolledDropdown>
    <Dropdown
      isOpen={true}
      toggle={[Function]}
    >
      <Manager
        tag={false}
      >
        <div
          className="dropdown"
        >
          <DropdownToggle
            className="context-button"
            title="menu"
          >
            <Reference>
              <InnerReference
                setReferenceNode={[Function]}
              >
                <button
                  aria-expanded={true}
                  className="btn btn-secondary context-button"
                  disabled={false}
                  onClick={[Function]}
                  title="menu"
                >
                  <i
                    className="icon-more"
                  />
                </button>
              </InnerReference>
            </Reference>
          </DropdownToggle>
          <DropdownMenu>
            <OpenDropdownMenu>
              <Portal
                containerInfo={
                  <body>
                    <div
                      class="dropdown-menu-portal"
                      style="position: absolute; top: 0px; left: 0px; opacity: 0; pointer-events: none;"
                    >
                      <div
                        class="dropdown-menu"
                        role="menu"
                      >
                        <a
                          class="dropdown-item"
                          href="/workflows/"
                          role="menuitem"
                          tabindex="0"
                        >
                          js.WfHamburgerMenu.menu.myWorkflows
                        </a>
                        <button
                          class="dropdown-item"
                          role="menuitem"
                          tabindex="0"
                        >
                          js.WfHamburgerMenu.menu.importModule
                        </button>
                        <a
                          class="dropdown-item"
                          href="/account/logout"
                          role="menuitem"
                          tabindex="0"
                        >
                          js.WfHamburgerMenu.menu.logout
                        </a>
                      </div>
                    </div>
                  </body>
                }
              >
                <Popper
                  modifiers={
                    Object {
                      "preventOverflow": Object {
                        "boundariesElement": "viewport",
                      },
                    }
                  }
                  placement="bottom-end"
                >
                  <InnerPopper
                    eventsEnabled={true}
                    modifiers={
                      Object {
                        "preventOverflow": Object {
                          "boundariesElement": "viewport",
                        },
                      }
                    }
                    placement="bottom-end"
                    positionFixed={false}
                    referenceElement={
                      <button
                        aria-expanded="true"
                        class="btn btn-secondary context-button"
                        title="menu"
                      >
                        <i
                          class="icon-more"
                        />
                      </button>
                    }
                  >
                    <div
                      className="dropdown-menu-portal"
                      style={
                        Object {
                          "left": 0,
                          "opacity": 0,
                          "pointerEvents": "none",
                          "position": "absolute",
                          "top": 0,
                        }
                      }
                    >
                      <div
                        className="dropdown-menu"
                        role="menu"
                      >
                        <DropdownItem
                          href="/workflows/"
                        >
                          <a
                            className="dropdown-item"
                            href="/workflows/"
                            role="menuitem"
                            tabIndex={0}
                          >
                            <WithI18n
                              defaults="My Workflows"
                              id="js.WfHamburgerMenu.menu.myWorkflows"
                            >
                              <I18n
                                update={true}
                                withHash={true}
                              >
                                <Trans
                                  defaults="My Workflows"
                                  i18n={
                                    Object {
                                      "_": [Function],
                                      "_activeLanguageData": Object {
                                        "plurals": [Function],
                                      },
                                      "_activeMessages": Object {},
                                      "_catalogs": Object {
                                        "en": Object {
                                          "languageData": Object {},
                                          "messages": Object {},
                                        },
                                      },
                                      "_dev": Object {
                                        "compile": [Function],
                                        "loadLanguageData": [Function],
                                      },
                                      "_language": "en",
                                      "_locales": undefined,
                                      "_missing": undefined,
                                      "plural": [Function],
                                      "select": [Function],
                                      "selectOrdinal": [Function],
                                      "t": [Function],
                                    }
                                  }
                                  id="js.WfHamburgerMenu.menu.myWorkflows"
                                >
                                  <Render
                                    value="js.WfHamburgerMenu.menu.myWorkflows"
                                  >
                                    js.WfHamburgerMenu.menu.myWorkflows
                                  </Render>
                                </Trans>
                              </I18n>
                            </WithI18n>
                          </a>
                        </DropdownItem>
                        <DropdownItem
                          onClick={[Function]}
                        >
                          <button
                            className="dropdown-item"
                            onClick={[Function]}
                            role="menuitem"
                            tabIndex={0}
                          >
                            <WithI18n
                              defaults="Import Module"
                              id="js.WfHamburgerMenu.menu.importModule"
                            >
                              <I18n
                                update={true}
                                withHash={true}
                              >
                                <Trans
                                  defaults="Import Module"
                                  i18n={
                                    Object {
                                      "_": [Function],
                                      "_activeLanguageData": Object {
                                        "plurals": [Function],
                                      },
                                      "_activeMessages": Object {},
                                      "_catalogs": Object {
                                        "en": Object {
                                          "languageData": Object {},
                                          "messages": Object {},
                                        },
                                      },
                                      "_dev": Object {
                                        "compile": [Function],
                                        "loadLanguageData": [Function],
                                      },
                                      "_language": "en",
                                      "_locales": undefined,
                                      "_missing": undefined,
                                      "plural": [Function],
                                      "select": [Function],
                                      "selectOrdinal": [Function],
                                      "t": [Function],
                                    }
                                  }
                                  id="js.WfHamburgerMenu.menu.importModule"
                                >
                                  <Render
                                    value="js.WfHamburgerMenu.menu.importModule"
                                  >
                                    js.WfHamburgerMenu.menu.importModule
                                  </Render>
                                </Trans>
                              </I18n>
                            </WithI18n>
                          </button>
                        </DropdownItem>
                        <DropdownItem
                          href="/account/logout"
                        >
                          <a
                            className="dropdown-item"
                            href="/account/logout"
                            role="menuitem"
                            tabIndex={0}
                          >
                            <WithI18n
                              defaults="Log Out"
                              id="js.WfHamburgerMenu.menu.logout"
                            >
                              <I18n
                                update={true}
                                withHash={true}
                              >
                                <Trans
                                  defaults="Log Out"
                                  i18n={
                                    Object {
                                      "_": [Function],
                                      "_activeLanguageData": Object {
                                        "plurals": [Function],
                                      },
                                      "_activeMessages": Object {},
                                      "_catalogs": Object {
                                        "en": Object {
                                          "languageData": Object {},
                                          "messages": Object {},
                                        },
                                      },
                                      "_dev": Object {
                                        "compile": [Function],
                                        "loadLanguageData": [Function],
                                      },
                                      "_language": "en",
                                      "_locales": undefined,
                                      "_missing": undefined,
                                      "plural": [Function],
                                      "select": [Function],
                                      "selectOrdinal": [Function],
                                      "t": [Function],
                                    }
                                  }
                                  id="js.WfHamburgerMenu.menu.logout"
                                >
                                  <Render
                                    value="js.WfHamburgerMenu.menu.logout"
                                  >
                                    js.WfHamburgerMenu.menu.logout
                                  </Render>
                                </Trans>
                              </I18n>
                            </WithI18n>
                          </a>
                        </DropdownItem>
                      </div>
                    </div>
                  </InnerPopper>
                </Popper>
              </Portal>
            </OpenDropdownMenu>
          </DropdownMenu>
        </div>
      </Manager>
    </Dropdown>
  </UncontrolledDropdown>
</WfHamburgerMenu>
`;
