// Jest Snapshot v1, https://goo.gl/fbAQLP

exports[`WfModule, not read-only mode Renders and calls functions on componentDidMount and render 1`] = `
<WfModule
  connectDragSource={[Function]}
  connectDropTarget={[Function]}
  data-api={
    Object {
      "onParamChanged": [Function],
      "postParamEvent": [Function],
    }
  }
  data-changeParam={[Function]}
  data-isReadOnly={false}
  data-removeModule={[Function]}
  data-revision={707}
  data-selected={true}
  data-wfmodule={
    Object {
      "id": 999,
      "module_version": Object {
        "module": Object {
          "id_name": "loadurl",
        },
      },
      "notes": Array [],
      "parameter_vals": Array [
        Object {
          "id": 100,
          "parameter_spec": Object {
            "id_name": "url",
            "type": "string",
          },
        },
        Object {
          "id": 101,
          "parameter_spec": Object {
            "id_name": "version_select",
            "type": "custom",
          },
        },
      ],
    }
  }
  focusModule={[Function]}
  toggleDrag={[Function]}
>
  <div
    onClick={[Function]}
  >
    <div
      className="wf-card mx-auto"
    />
  </div>
</WfModule>
`;
