// Jest Snapshot v1, https://goo.gl/fbAQLP

exports[`WorkflowListNavBar Renders correctly 1`] = `
<div>
  <nav
    className="navbar"
  >
    <div
      className="d-flex align-items-center"
    >
      <img
        className="logo"
        src="/static/images/logo.svg"
      />
      <div
        className="logo-1"
      >
        Workbench
      </div>
    </div>
    <div
      className="links"
    >
      <div
        className="WF-toggle--link"
      >
        <a
          className="active"
          href={null}
        >
          WORKFLOWS
        </a>
        <div
          className="WF-link--under"
        />
      </div>
      <div
        className="LS-toggle--link"
      >
        <a
          className="inactive"
          href="/lessons/"
        >
          LESSONS
        </a>
        <div
          className="LS-link--under"
        />
      </div>
    </div>
    <WfHamburgerMenu />
  </nav>
</div>
`;
