// Jest Snapshot v1, https://goo.gl/fbAQLP

exports[`WfModuleContextMenu should match snapshot 1`] = `
<WfModuleContextMenu
  className="menu-test-class"
  id={415}
  removeModule={[MockFunction]}
>
  <UncontrolledDropdown>
    <Dropdown
      isOpen={false}
      toggle={[Function]}
    >
      <Manager
        tag={false}
      >
        <div
          className="dropdown"
        >
          <DropdownToggle
            className="context-button"
            title="more"
          >
            <Target>
              <button
                aria-expanded={false}
                className="btn btn-secondary context-button"
                disabled={false}
                onClick={[Function]}
                title="more"
              >
                <i
                  className="context-button--icon icon-more"
                />
              </button>
            </Target>
          </DropdownToggle>
          <DropdownMenu />
          <ExportModal
            onClose={[Function]}
            open={false}
            wfModuleId={415}
          />
        </div>
      </Manager>
    </Dropdown>
  </UncontrolledDropdown>
</WfModuleContextMenu>
`;
