// Jest Snapshot v1, https://goo.gl/fbAQLP

exports[`Navbar Renders correctly 1`] = `
<div>
  <nav
    className="navbar"
  >
    <div
      className="logo"
    >
      <img
        className="logo"
        src="undefinedimages/logo.svg"
      />
      <img
        className="logo-text"
        src="undefinedimages/logo-text-dark.svg"
      />
    </div>
    <div
      className="links"
    >
      <a
        className="inactive"
        href="/workflows"
      >
        <WithI18n
          defaults="WORKFLOWS"
          description="This is used in navigation bar. It should be all-caps for styling reasons."
          id="js.Workflows.NavBar.links.workflows"
        />
      </a>
      <a
        className="active"
        href={null}
      >
        <WithI18n
          defaults="TRAINING"
          description="This is used in navigation bar. It should be all-caps for styling reasons."
          id="js.Workflows.NavBar.links.training"
        />
      </a>
    </div>
    <WithI18n />
  </nav>
</div>
`;
