// Jest Snapshot v1, https://goo.gl/fbAQLP

exports[`WfModule, not read-only mode matches snapshot 1`] = `
<div
  className="wf-module status-ok selected"
  data-module-name="Load from URL"
  data-module-slug="loadurl"
  onMouseDown={[Function]}
>
  <div
    className="module-notes"
  >
    <EditableNotes
      inputRef={
        Object {
          "current": null,
        }
      }
      isReadOnly={false}
      onBlur={[Function]}
      onCancel={[Function]}
      onChange={[Function]}
      onFocus={[Function]}
      placeholder="Type a note..."
      value=""
    />
  </div>
  <h3>
    3
  </h3>
  <div
    className="module-card-and-link"
  >
    <div
      className="module-card"
      draggable={true}
      onDragEnd={[Function]}
      onDragStart={[Function]}
    >
      <div
        className="module-card-header"
      >
        <div
          className="controls"
        >
          <WfModuleCollapseButton
            isCollapsed={false}
            isLessonHighlight={false}
            onCollapse={[Function]}
            onExpand={[Function]}
          />
          <i
            className="icon-icon WFmodule-icon"
          />
          <div
            className="module-name"
          >
            Load from URL
          </div>
          <div
            className="context-buttons"
          >
            <a
              className="help-button"
              href="http://help-url"
              rel="noopener noreferrer"
              target="_blank"
              title="Help for this module"
            >
              <i
                className="icon-help"
              />
            </a>
            <button
              className="btn edit-note"
              onClick={[Function]}
              title="Edit Note"
            >
              <i
                className="icon-note"
              />
            </button>
            <WithI18n
              id={999}
              removeModule={[Function]}
            />
          </div>
        </div>
        <DeprecationMessage
          helpUrl="http://help-url"
          message={null}
        />
      </div>
      <div
        className="module-card-details expanded"
      >
        <Memo(StatusLine)
          applyQuickFix={[Function]}
          errors={Array []}
          isReadOnly={false}
          module={
            Object {
              "help_url": "http://help-url",
              "icon": "icon",
              "id_name": "loadurl",
              "name": "Load from URL",
              "param_fields": Array [
                Object {
                  "idName": "url",
                  "multiline": false,
                  "name": "",
                  "placeholder": "",
                  "type": "string",
                  "visibleIf": null,
                },
                Object {
                  "idName": "menu_select",
                  "items": "Mango|Banana",
                  "multiline": false,
                  "name": "",
                  "placeholder": "",
                  "type": "menu",
                  "visibleIf": null,
                },
              ],
            }
          }
          status="ok"
        />
        <ErrorBoundary>
          <ParamsForm
            api={
              Object {
                "createOauthAccessToken": [MockFunction],
                "valueCounts": [MockFunction],
              }
            }
            applyQuickFix={[Function]}
            currentTab="tab-1"
            deleteSecret={[Function]}
            edits={Object {}}
            fields={
              Array [
                Object {
                  "idName": "url",
                  "multiline": false,
                  "name": "",
                  "placeholder": "",
                  "type": "string",
                  "visibleIf": null,
                },
                Object {
                  "idName": "menu_select",
                  "items": "Mango|Banana",
                  "multiline": false,
                  "name": "",
                  "placeholder": "",
                  "type": "menu",
                  "visibleIf": null,
                },
              ]
            }
            files={Array []}
            inputDeltaId={null}
            inputWfModuleId={123}
            isReadOnly={false}
            isWfModuleBusy={false}
            isZenMode={false}
            onChange={[Function]}
            onSubmit={[Function]}
            secrets={Object {}}
            startCreateSecret={[Function]}
            submitSecret={[Function]}
            tabs={Array []}
            value={
              Object {
                "menu_select": 1,
                "url": "http://some.URL.me",
              }
            }
            wfModuleId={999}
            wfModuleOutputErrors={Array []}
            wfModuleSlug="step-1"
            workflowId={99}
          />
        </ErrorBoundary>
      </div>
    </div>
  </div>
</div>
`;
