// Jest Snapshot v1, https://goo.gl/fbAQLP

exports[`ModuleSearch most tests matches snapshot 1`] = `
<ModuleSearch
  index={2}
  isLessonHighlight={false}
  modules={
    Array [
      Object {
        "category": "Filter",
        "description": "Text description",
        "icon": "filter",
        "id": 10,
        "isLessonHighlight": false,
        "name": "Filter by Text",
      },
      Object {
        "category": "Add data",
        "description": "Enigma description",
        "icon": "url",
        "id": 4,
        "isLessonHighlight": true,
        "name": "Load from Enigma",
      },
    ]
  }
  onCancel={[MockFunction]}
  onClickModuleId={[MockFunction]}
>
  <div
    className="module-search"
  >
    <form
      className="module-search-field"
      onReset={[Function]}
      onSubmit={[Function]}
    >
      <input
        autoComplete="off"
        name="moduleQ"
        onChange={[Function]}
        onKeyDown={[Function]}
        placeholder="Searchâ€¦"
        type="search"
        value=""
      />
      <button
        className="close"
        title="Close Search"
        type="reset"
      >
        <i
          className="icon-close"
        />
      </button>
    </form>
    <ul
      className="module-search-result-groups"
    >
      <ModuleSearchResultGroup
        activeModuleId={null}
        key="Add data"
        modules={
          Array [
            Object {
              "category": "Add data",
              "description": "Enigma description",
              "icon": "url",
              "id": 4,
              "isLessonHighlight": true,
              "name": "Load from Enigma",
            },
          ]
        }
        name="Add data"
        onClickModuleId={[Function]}
        onMouseEnterModuleId={[Function]}
      >
        <li
          className="module-search-result-group"
          data-name="Add data"
        >
          <h4>
            Add data
          </h4>
          <ul
            className="module-search-results"
          >
            <SearchResult
              category="Add data"
              description="Enigma description"
              icon="url"
              id={4}
              isActive={false}
              isLessonHighlight={true}
              key="Load from Enigma"
              name="Load from Enigma"
              onClick={[Function]}
              onMouseEnter={[Function]}
            >
              <li
                className="module-search-result lesson-highlight"
                data-module-name="Load from Enigma"
                id="module-search-result-4"
                onClick={[Function]}
                onMouseEnter={[Function]}
              >
                <i
                  className="icon-url"
                />
                <span
                  className="name"
                >
                  Load from Enigma
                </span>
              </li>
            </SearchResult>
          </ul>
        </li>
      </ModuleSearchResultGroup>
      <ModuleSearchResultGroup
        activeModuleId={null}
        key="Filter"
        modules={
          Array [
            Object {
              "category": "Filter",
              "description": "Text description",
              "icon": "filter",
              "id": 10,
              "isLessonHighlight": false,
              "name": "Filter by Text",
            },
          ]
        }
        name="Filter"
        onClickModuleId={[Function]}
        onMouseEnterModuleId={[Function]}
      >
        <li
          className="module-search-result-group"
          data-name="Filter"
        >
          <h4>
            Filter
          </h4>
          <ul
            className="module-search-results"
          >
            <SearchResult
              category="Filter"
              description="Text description"
              icon="filter"
              id={10}
              isActive={false}
              isLessonHighlight={false}
              key="Filter by Text"
              name="Filter by Text"
              onClick={[Function]}
              onMouseEnter={[Function]}
            >
              <li
                className="module-search-result"
                data-module-name="Filter by Text"
                id="module-search-result-10"
                onClick={[Function]}
                onMouseEnter={[Function]}
              >
                <i
                  className="icon-filter"
                />
                <span
                  className="name"
                >
                  Filter by Text
                </span>
              </li>
            </SearchResult>
          </ul>
        </li>
      </ModuleSearchResultGroup>
    </ul>
  </div>
</ModuleSearch>
`;
