// Jest Snapshot v1, https://goo.gl/fbAQLP

exports[`AceEditor matches snapshot 1`] = `
<Fragment>
  <div
    className="help"
  >
    <WithI18n
      components={
        Array [
          <kbd />,
          <kbd />,
          <kbd />,
          <a
            href="https://docs.python.org/3/library/math.html"
            rel="noopener noreferrer"
            target="_blank"
          />,
          <kbd />,
          <kbd />,
          <a
            href="https://pandas.pydata.org/pandas-docs/stable/api.html#dataframe"
            rel="noopener noreferrer"
            target="_blank"
          />,
          <kbd />,
          <a
            href="https://docs.scipy.org/doc/numpy/reference/routines.html"
            rel="noopener noreferrer"
            target="_blank"
          />,
        ]
      }
      defaults="Define a <0>{0}</0> function that accepts a <1>{1}</1> and returns a <2>{2}</2>. You may use the <3><4>{3}</4></3>,<5>{4}</5> (<6>{5}</6>) and <7>{6}</7> (<8>{7}</8>) modules."
      description="The parameters contain either code or names of libraries. The tags are either <kbd> formatting or URLs."
      id="js.params.Custom.Code.AceEditor.help"
      values={
        Object {
          "0": "process(table)",
          "1": "pd.DataFrame",
          "2": "pd.DataFrame",
          "3": "math",
          "4": "pd",
          "5": "Pandas",
          "6": "np",
          "7": "Numpy",
        }
      }
    />
  </div>
  <div
    className="ace-aspect-ratio-container"
  >
    <div
      className="ace-wrapper"
    >
      <ReactAce
        annotations={Array []}
        cursorStart={1}
        editorProps={
          Object {
            "$blockScrolling": Infinity,
          }
        }
        enableBasicAutocompletion={false}
        enableLiveAutocompletion={false}
        enableSnippets={false}
        focus={false}
        fontSize={12}
        height="100%"
        highlightActiveLine={true}
        maxLines={null}
        minLines={null}
        mode="python"
        name="code-editor"
        navigateToFileEnd={true}
        onChange={[MockFunction]}
        onLoad={null}
        onPaste={null}
        onScroll={null}
        placeholder={null}
        readOnly={false}
        scrollMargin={
          Array [
            0,
            0,
            0,
            0,
          ]
        }
        setOptions={Object {}}
        showGutter={false}
        showPrintMargin={true}
        style={Object {}}
        tabSize={4}
        theme="xcode"
        value="def process(table)
    return table"
        width="100%"
        wrapEnabled={true}
      />
    </div>
  </div>
</Fragment>
`;
